[assembly: System.Reflection.AssemblyMetadata("RepositoryUrl", "https://github.com/Testably/Testably.Abstractions.git")]
[assembly: System.Runtime.CompilerServices.InternalsVisibleTo(@"Testably.Abstractions.Compression.Tests, PublicKey=00240000048000009400000006020000002400005253413100040000010001006104741100251820044d92b34b0519a1de0bccd80d6199aadbdcd5931d035462d42f70b0ae7a7db37bab63afb8a8ad0dc21392bb01f1243bfc51df4b5f1975b1b9746fecbed88913b783fccb69efc59e23b0e019e065abd38731711a2d6ac2569ab57d4b4d529f5903f5bee0f4388b2a5f4d5e0fddab6aac18d96aa78c2e73e0")]
[assembly: System.Runtime.Versioning.TargetFramework(".NETStandard,Version=v2.0", FrameworkDisplayName=".NET Standard 2.0")]
namespace Testably.Abstractions
{
    public static class FileSystemExtensions
    {
        public static Testably.Abstractions.IZipArchiveFactory ZipArchive(this System.IO.Abstractions.IFileSystem fileSystem) { }
        public static Testably.Abstractions.IZipFile ZipFile(this System.IO.Abstractions.IFileSystem fileSystem) { }
    }
    public interface IZipArchive : System.IDisposable, System.IO.Abstractions.IFileSystemEntity
    {
        System.Collections.ObjectModel.ReadOnlyCollection<Testably.Abstractions.IZipArchiveEntry> Entries { get; }
        System.IO.Compression.ZipArchiveMode Mode { get; }
        Testably.Abstractions.IZipArchiveEntry CreateEntry(string entryName);
        Testably.Abstractions.IZipArchiveEntry CreateEntry(string entryName, System.IO.Compression.CompressionLevel compressionLevel);
        Testably.Abstractions.IZipArchiveEntry CreateEntryFromFile(string sourceFileName, string entryName);
        Testably.Abstractions.IZipArchiveEntry CreateEntryFromFile(string sourceFileName, string entryName, System.IO.Compression.CompressionLevel compressionLevel);
        void ExtractToDirectory(string destinationDirectoryName);
        Testably.Abstractions.IZipArchiveEntry? GetEntry(string entryName);
    }
    public interface IZipArchiveEntry : System.IO.Abstractions.IFileSystemEntity
    {
        Testably.Abstractions.IZipArchive Archive { get; }
        long CompressedLength { get; }
        string FullName { get; }
        System.DateTimeOffset LastWriteTime { get; set; }
        long Length { get; }
        string Name { get; }
        void Delete();
        void ExtractToFile(string destinationFileName);
        void ExtractToFile(string destinationFileName, bool overwrite);
        System.IO.Stream Open();
    }
    public interface IZipArchiveFactory : System.IO.Abstractions.IFileSystemEntity
    {
        Testably.Abstractions.IZipArchive New(System.IO.Stream stream);
        Testably.Abstractions.IZipArchive New(System.IO.Stream stream, System.IO.Compression.ZipArchiveMode mode);
        Testably.Abstractions.IZipArchive New(System.IO.Stream stream, System.IO.Compression.ZipArchiveMode mode, bool leaveOpen);
        Testably.Abstractions.IZipArchive New(System.IO.Stream stream, System.IO.Compression.ZipArchiveMode mode, bool leaveOpen, System.Text.Encoding? entryNameEncoding);
    }
    public interface IZipFile : System.IO.Abstractions.IFileSystemEntity
    {
        void CreateFromDirectory(string sourceDirectoryName, string destinationArchiveFileName);
        void CreateFromDirectory(string sourceDirectoryName, string destinationArchiveFileName, System.IO.Compression.CompressionLevel compressionLevel, bool includeBaseDirectory);
        void CreateFromDirectory(string sourceDirectoryName, string destinationArchiveFileName, System.IO.Compression.CompressionLevel compressionLevel, bool includeBaseDirectory, System.Text.Encoding entryNameEncoding);
        void ExtractToDirectory(string sourceArchiveFileName, string destinationDirectoryName);
        void ExtractToDirectory(string sourceArchiveFileName, string destinationDirectoryName, System.Text.Encoding? entryNameEncoding);
        Testably.Abstractions.IZipArchive Open(string archiveFileName, System.IO.Compression.ZipArchiveMode mode);
        Testably.Abstractions.IZipArchive Open(string archiveFileName, System.IO.Compression.ZipArchiveMode mode, System.Text.Encoding? entryNameEncoding);
        Testably.Abstractions.IZipArchive OpenRead(string archiveFileName);
    }
}