[assembly: System.CLSCompliant(true)]
[assembly: System.Reflection.AssemblyMetadata("RepositoryUrl", "https://github.com/Testably/Testably.Abstractions.git")]
[assembly: System.Runtime.CompilerServices.InternalsVisibleTo(@"Testably.Abstractions.AccessControl.Tests, PublicKey=00240000048000009400000006020000002400005253413100040000010001006104741100251820044d92b34b0519a1de0bccd80d6199aadbdcd5931d035462d42f70b0ae7a7db37bab63afb8a8ad0dc21392bb01f1243bfc51df4b5f1975b1b9746fecbed88913b783fccb69efc59e23b0e019e065abd38731711a2d6ac2569ab57d4b4d529f5903f5bee0f4388b2a5f4d5e0fddab6aac18d96aa78c2e73e0")]
[assembly: System.Runtime.Versioning.TargetFramework(".NETStandard,Version=v2.0", FrameworkDisplayName=".NET Standard 2.0")]
namespace Testably.Abstractions
{
    public static class DirectoryAclExtensions
    {
        [Testably.Abstractions.Polyfills.SupportedOSPlatform("windows")]
        public static void CreateDirectory(this System.IO.Abstractions.IDirectory directory, string path, System.Security.AccessControl.DirectorySecurity directorySecurity) { }
        [Testably.Abstractions.Polyfills.SupportedOSPlatform("windows")]
        public static System.Security.AccessControl.DirectorySecurity GetAccessControl(this System.IO.Abstractions.IDirectory directory, string path) { }
        [Testably.Abstractions.Polyfills.SupportedOSPlatform("windows")]
        public static System.Security.AccessControl.DirectorySecurity GetAccessControl(this System.IO.Abstractions.IDirectory directory, string path, System.Security.AccessControl.AccessControlSections includeSections) { }
        [Testably.Abstractions.Polyfills.SupportedOSPlatform("windows")]
        public static void SetAccessControl(this System.IO.Abstractions.IDirectory directory, string path, System.Security.AccessControl.DirectorySecurity directorySecurity) { }
    }
    public static class DirectoryInfoAclExtensions
    {
        [Testably.Abstractions.Polyfills.SupportedOSPlatform("windows")]
        public static void Create(this System.IO.Abstractions.IDirectoryInfo directoryInfo, System.Security.AccessControl.DirectorySecurity directorySecurity) { }
        [Testably.Abstractions.Polyfills.SupportedOSPlatform("windows")]
        public static System.Security.AccessControl.DirectorySecurity GetAccessControl(this System.IO.Abstractions.IDirectoryInfo directoryInfo) { }
        [Testably.Abstractions.Polyfills.SupportedOSPlatform("windows")]
        public static System.Security.AccessControl.DirectorySecurity GetAccessControl(this System.IO.Abstractions.IDirectoryInfo directoryInfo, System.Security.AccessControl.AccessControlSections includeSections) { }
        [Testably.Abstractions.Polyfills.SupportedOSPlatform("windows")]
        public static void SetAccessControl(this System.IO.Abstractions.IDirectoryInfo directoryInfo, System.Security.AccessControl.DirectorySecurity directorySecurity) { }
    }
    public static class FileAclExtensions
    {
        [Testably.Abstractions.Polyfills.SupportedOSPlatform("windows")]
        public static System.Security.AccessControl.FileSecurity GetAccessControl(this System.IO.Abstractions.IFile file, string path) { }
        [Testably.Abstractions.Polyfills.SupportedOSPlatform("windows")]
        public static System.Security.AccessControl.FileSecurity GetAccessControl(this System.IO.Abstractions.IFile file, string path, System.Security.AccessControl.AccessControlSections includeSections) { }
        [Testably.Abstractions.Polyfills.SupportedOSPlatform("windows")]
        public static void SetAccessControl(this System.IO.Abstractions.IFile file, string path, System.Security.AccessControl.FileSecurity fileSecurity) { }
    }
    public static class FileInfoAclExtensions
    {
        [Testably.Abstractions.Polyfills.SupportedOSPlatform("windows")]
        public static System.Security.AccessControl.FileSecurity GetAccessControl(this System.IO.Abstractions.IFileInfo fileInfo) { }
        [Testably.Abstractions.Polyfills.SupportedOSPlatform("windows")]
        public static System.Security.AccessControl.FileSecurity GetAccessControl(this System.IO.Abstractions.IFileInfo fileInfo, System.Security.AccessControl.AccessControlSections includeSections) { }
        [Testably.Abstractions.Polyfills.SupportedOSPlatform("windows")]
        public static void SetAccessControl(this System.IO.Abstractions.IFileInfo fileInfo, System.Security.AccessControl.FileSecurity fileSecurity) { }
    }
    public static class FileStreamAclExtensions
    {
        [Testably.Abstractions.Polyfills.SupportedOSPlatform("windows")]
        public static System.Security.AccessControl.FileSecurity GetAccessControl(this System.IO.Abstractions.FileSystemStream fileStream) { }
        [Testably.Abstractions.Polyfills.SupportedOSPlatform("windows")]
        public static void SetAccessControl(this System.IO.Abstractions.FileSystemStream fileStream, System.Security.AccessControl.FileSecurity fileSecurity) { }
    }
}