[assembly: System.CLSCompliant(true)]
[assembly: System.Reflection.AssemblyMetadata("RepositoryUrl", "https://github.com/Testably/Testably.Abstractions.git")]
[assembly: System.Runtime.Versioning.TargetFramework(".NETStandard,Version=v2.0", FrameworkDisplayName=".NET Standard 2.0")]
namespace Testably.Abstractions.Helpers
{
    public abstract class GuidSystemBase : Testably.Abstractions.RandomSystem.IGuid, Testably.Abstractions.RandomSystem.IRandomSystemEntity
    {
        protected GuidSystemBase(Testably.Abstractions.IRandomSystem randomSystem) { }
        public System.Guid Empty { get; }
        public Testably.Abstractions.IRandomSystem RandomSystem { get; }
        public abstract System.Guid NewGuid();
    }
    public interface IFileSystemExtensibility
    {
        T? RetrieveMetadata<T>(string key);
        void StoreMetadata<T>(string key, T? value);
        bool TryGetWrappedInstance<T>([System.Diagnostics.CodeAnalysis.NotNullWhen(true)] out T? wrappedInstance);
    }
    public sealed class RandomWrapper : Testably.Abstractions.RandomSystem.IRandom
    {
        public RandomWrapper(System.Random instance) { }
        public int Next() { }
        public int Next(int maxValue) { }
        public int Next(int minValue, int maxValue) { }
        public void NextBytes(byte[] buffer) { }
        public double NextDouble() { }
    }
}
namespace Testably.Abstractions
{
    public interface IRandomSystem
    {
        Testably.Abstractions.RandomSystem.IGuid Guid { get; }
        Testably.Abstractions.RandomSystem.IRandomFactory Random { get; }
    }
    public interface ITimeSystem
    {
        Testably.Abstractions.TimeSystem.IDateTime DateTime { get; }
        Testably.Abstractions.TimeSystem.ITask Task { get; }
        Testably.Abstractions.TimeSystem.IThread Thread { get; }
        Testably.Abstractions.TimeSystem.ITimerFactory Timer { get; }
    }
}
namespace Testably.Abstractions.RandomSystem
{
    public interface IGuid : Testably.Abstractions.RandomSystem.IRandomSystemEntity
    {
        System.Guid Empty { get; }
        System.Guid NewGuid();
    }
    public interface IRandom
    {
        int Next();
        int Next(int maxValue);
        int Next(int minValue, int maxValue);
        void NextBytes(byte[] buffer);
        double NextDouble();
    }
    public interface IRandomFactory : Testably.Abstractions.RandomSystem.IRandomSystemEntity
    {
        Testably.Abstractions.RandomSystem.IRandom Shared { get; }
        Testably.Abstractions.RandomSystem.IRandom New();
        Testably.Abstractions.RandomSystem.IRandom New(int seed);
    }
    public interface IRandomSystemEntity
    {
        Testably.Abstractions.IRandomSystem RandomSystem { get; }
    }
}
namespace Testably.Abstractions.TimeSystem
{
    public interface IDateTime : Testably.Abstractions.TimeSystem.ITimeSystemEntity
    {
        System.DateTime MaxValue { get; }
        System.DateTime MinValue { get; }
        System.DateTime Now { get; }
        System.DateTime Today { get; }
        System.DateTime UnixEpoch { get; }
        System.DateTime UtcNow { get; }
    }
    public interface ITask : Testably.Abstractions.TimeSystem.ITimeSystemEntity
    {
        System.Threading.Tasks.Task Delay(int millisecondsDelay);
        System.Threading.Tasks.Task Delay(System.TimeSpan delay);
        System.Threading.Tasks.Task Delay(int millisecondsDelay, System.Threading.CancellationToken cancellationToken);
        System.Threading.Tasks.Task Delay(System.TimeSpan delay, System.Threading.CancellationToken cancellationToken);
    }
    public interface IThread : Testably.Abstractions.TimeSystem.ITimeSystemEntity
    {
        void Sleep(int millisecondsTimeout);
        void Sleep(System.TimeSpan timeout);
    }
    public interface ITimeSystemEntity
    {
        Testably.Abstractions.ITimeSystem TimeSystem { get; }
    }
    public interface ITimer : System.IDisposable, Testably.Abstractions.TimeSystem.ITimeSystemEntity
    {
        bool Change(int dueTime, int period);
        bool Change(long dueTime, long period);
        bool Change(System.TimeSpan dueTime, System.TimeSpan period);
        bool Dispose(System.Threading.WaitHandle notifyObject);
    }
    public interface ITimerFactory : Testably.Abstractions.TimeSystem.ITimeSystemEntity
    {
        Testably.Abstractions.TimeSystem.ITimer New(System.Threading.TimerCallback callback);
        Testably.Abstractions.TimeSystem.ITimer New(System.Threading.TimerCallback callback, object? state, int dueTime, int period);
        Testably.Abstractions.TimeSystem.ITimer New(System.Threading.TimerCallback callback, object? state, long dueTime, long period);
        Testably.Abstractions.TimeSystem.ITimer New(System.Threading.TimerCallback callback, object? state, System.TimeSpan dueTime, System.TimeSpan period);
        Testably.Abstractions.TimeSystem.ITimer Wrap(System.Threading.Timer timer);
    }
}